#-----------------------------------------------------------
# Vivado v2018.2 (64-bit)
# SW Build 2258646 on Thu Jun 14 20:03:12 MDT 2018
# IP Build 2256618 on Thu Jun 14 22:10:49 MDT 2018
# Start of session at: Tue Apr 11 22:03:32 2023
# Process ID: 2028
# Current directory: C:/Users/obaid/Desktop/GIKI/Final Year Project/Processor_Module
# Command line: vivado.exe -gui_launcher_event rodinguilauncherevent18136 C:\Users\obaid\Desktop\GIKI\Final Year Project\Processor_Module\Processor_Module.xpr
# Log file: C:/Users/obaid/Desktop/GIKI/Final Year Project/Processor_Module/vivado.log
# Journal file: C:/Users/obaid/Desktop/GIKI/Final Year Project/Processor_Module\vivado.jou
#-----------------------------------------------------------
start_gui
open_project {C:/Users/obaid/Desktop/GIKI/Final Year Project/Processor_Module/Processor_Module.xpr}
update_compile_order -fileset sources_1
close [ open {C:/Users/obaid/Desktop/GIKI/Final Year Project/Processor_Module/Processor_Module.srcs/sources_1/new/PWM_Generator.v} w ]
add_files {{C:/Users/obaid/Desktop/GIKI/Final Year Project/Processor_Module/Processor_Module.srcs/sources_1/new/PWM_Generator.v}}
update_compile_order -fileset sources_1
synth_design -rtl -name rtl_1
update_compile_order -fileset sources_1
refresh_design
file mkdir C:/Users/obaid/Desktop/GIKI/Final Year Project/Processor_Module/Processor_Module.srcs/sim_1/new
file mkdir C:/Users/obaid/Desktop/GIKI/Final Year Project/Processor_Module/Processor_Module.srcs/sim_1/new
file mkdir C:/Users/obaid/Desktop/GIKI/Final Year Project/Processor_Module/Processor_Module.srcs/sim_1/new
file mkdir C:/Users/obaid/Desktop/GIKI/Final Year Project/Processor_Module/Processor_Module.srcs/sim_1/new
file mkdir C:/Users/obaid/Desktop/GIKI/Final Year Project/Processor_Module/Processor_Module.srcs/sim_1/new
set_property SOURCE_SET sources_1 [get_filesets sim_1]
file mkdir C:/Users/obaid/Desktop/GIKI/Final Year Project/Processor_Module/Processor_Module.srcs/sim_1/new
file mkdir {C:/Users/obaid/Desktop/GIKI/Final Year Project/Processor_Module/Processor_Module.srcs/sim_1/new}
close [ open {C:/Users/obaid/Desktop/GIKI/Final Year Project/Processor_Module/Processor_Module.srcs/sim_1/new/tb.v} w ]
add_files -fileset sim_1 {{C:/Users/obaid/Desktop/GIKI/Final Year Project/Processor_Module/Processor_Module.srcs/sim_1/new/tb.v}}
update_compile_order -fileset sim_1
refresh_design
refresh_design
refresh_design
